// Jest Snapshot v1, https://goo.gl/fbAQLP

exports[`LanguageSelectionPage it should render 1`] = `
<DocumentFragment>
  <div
    class="language-page"
  >
    <div
      class="introductory-text"
    >
      <p>
        First, let's set up your language preference. All the directions are in English by default.
      </p>
      <p>
        Show directions in English only.
      </p>
    </div>
    <div
      class="language-button-container english"
    >
      <button
        class="language-button"
        type="button"
        value="english"
      >
        <img
          alt="flag"
          class="language-button-img"
          src="https://assets.quill.org/images/flags/usa.png"
        />
        <p
          class="language-label"
        >
          English
        </p>
      </button>
    </div>
    <div
      class="divider-container"
    >
      <div
        class="divider"
      />
      <p
        class="divider-label"
      >
        or
      </p>
      <div
        class="divider"
      />
    </div>
    <div
      class="introductory-text"
    >
      <p>
        Show directions in English 
        <span>
          and
        </span>
         another language.
      </p>
    </div>
    <div
      class="language-button-container"
    >
      <button
        class="language-button"
        type="button"
        value="chinese"
      >
        <img
          alt="flag"
          class="language-button-img"
          src="https://assets.quill.org/images/flags/china.png"
        />
        <p
          class="language-label"
        >
          中文
        </p>
      </button>
      <button
        class="language-button"
        type="button"
        value="hindi"
      >
        <img
          alt="flag"
          class="language-button-img"
          src="https://assets.quill.org/images/flags/india.png"
        />
        <p
          class="language-label"
        >
          हिंदी
        </p>
      </button>
      <button
        class="language-button"
        type="button"
        value="spanish"
      >
        <img
          alt="flag"
          class="language-button-img"
          src="https://assets.quill.org/images/flags/spain.png"
        />
        <p
          class="language-label"
        >
          Español
        </p>
      </button>
      <button
        class="language-button"
        type="button"
        value="french"
      >
        <img
          alt="flag"
          class="language-button-img"
          src="https://assets.quill.org/images/flags/france.png"
        />
        <p
          class="language-label"
        >
          Français
        </p>
      </button>
      <button
        class="language-button"
        type="button"
        value="arabic"
      >
        <img
          alt="flag"
          class="language-button-img"
          src="https://assets.quill.org/images/flags/egypt.png"
        />
        <p
          class="language-label"
        >
          العربية
        </p>
      </button>
      <button
        class="language-button"
        type="button"
        value="russian"
      >
        <img
          alt="flag"
          class="language-button-img"
          src="https://assets.quill.org/images/flags/russia.png"
        />
        <p
          class="language-label"
        >
          Русский
        </p>
      </button>
      <button
        class="language-button"
        type="button"
        value="portuguese"
      >
        <img
          alt="flag"
          class="language-button-img"
          src="https://assets.quill.org/images/flags/brazil.png"
        />
        <p
          class="language-label"
        >
          Português
        </p>
      </button>
      <button
        class="language-button"
        type="button"
        value="urdu"
      >
        <img
          alt="flag"
          class="language-button-img"
          src="https://assets.quill.org/images/flags/pakistan.png"
        />
        <p
          class="language-label"
        >
          اردو
        </p>
      </button>
      <button
        class="language-button"
        type="button"
        value="german"
      >
        <img
          alt="flag"
          class="language-button-img"
          src="https://assets.quill.org/images/flags/germany.png"
        />
        <p
          class="language-label"
        >
          Deutsch
        </p>
      </button>
      <button
        class="language-button"
        type="button"
        value="japanese"
      >
        <img
          alt="flag"
          class="language-button-img"
          src="https://assets.quill.org/images/flags/japan.png"
        />
        <p
          class="language-label"
        >
          日本語
        </p>
      </button>
      <button
        class="language-button"
        type="button"
        value="korean"
      >
        <img
          alt="flag"
          class="language-button-img"
          src="https://assets.quill.org/images/flags/south_korea.png"
        />
        <p
          class="language-label"
        >
          한국어
        </p>
      </button>
      <button
        class="language-button"
        type="button"
        value="vietnamese"
      >
        <img
          alt="flag"
          class="language-button-img"
          src="https://assets.quill.org/images/flags/vietnam.png"
        />
        <p
          class="language-label"
        >
          Tiếng Việt
        </p>
      </button>
      <button
        class="language-button"
        type="button"
        value="thai"
      >
        <img
          alt="flag"
          class="language-button-img"
          src="https://assets.quill.org/images/flags/thailand.png"
        />
        <p
          class="language-label"
        >
          ไทย
        </p>
      </button>
      <button
        class="language-button"
        type="button"
        value="ukrainian"
      >
        <img
          alt="flag"
          class="language-button-img"
          src="https://assets.quill.org/images/flags/ukraine.png"
        />
        <p
          class="language-label"
        >
          Українська
        </p>
      </button>
      <button
        class="language-button"
        type="button"
        value="tagalog"
      >
        <img
          alt="flag"
          class="language-button-img"
          src="https://assets.quill.org/images/flags/philippines.png"
        />
        <p
          class="language-label"
        >
          Tagalog
        </p>
      </button>
      <button
        class="language-button"
        type="button"
        value="dari"
      >
        <img
          alt="flag"
          class="language-button-img"
          src="https://assets.quill.org/images/flags/afghanistan.png"
        />
        <p
          class="language-label"
        >
          درى
        </p>
      </button>
    </div>
  </div>
</DocumentFragment>
`;
