// Jest Snapshot v1, https://goo.gl/fbAQLP

exports[`LeaveClassModal component should render LeaveClassModal 1`] = `
<div
  className="modal-container leave-class-modal-container"
>
  <div
    className="modal-background"
  />
  <div
    className="leave-class-modal quill-modal modal-body"
  >
    <div>
      <h3
        className="title"
      >
        Leave class?
      </h3>
    </div>
    <div
      className="leave-class-modal-text"
    >
      <p>
        You won't be able to view or manage this class unless you're re-invited.
      </p>
    </div>
    <div
      className="form-buttons"
    >
      <button
        className="quill-button-archived outlined secondary medium"
        onClick={[Function]}
      >
        Cancel
      </button>
      <button
        className="quill-button-archived contained primary medium"
        onClick={[Function]}
      >
        Leave class
      </button>
    </div>
  </div>
</div>
`;
