// Jest Snapshot v1, https://goo.gl/fbAQLP

exports[`ReauthorizeProviderModal component should render ReauthorizeProviderModal 1`] = `
<div
  className="modal-container reauthorize-provider-modal-container"
>
  <div
    className="modal-background"
  />
  <div
    className="reauthorize-provider-modal quill-modal modal-body"
  >
    <div>
      <h3
        className="title"
      >
        Reauthorize
        Google
      </h3>
    </div>
    <p>
      To import a new
      Google
       classroom, you need to reauthorize
      Google
       access.
      <br />
      Clicking reauthorize will re-direct you to
      Google
      .
    </p>
    <div
      className="form-buttons"
    >
      <button
        className="quill-button-archived focus-on-light outlined secondary medium"
        onClick={[Function]}
        type="button"
      >
        Cancel
      </button>
      <AuthGoogleAccessForm
        buttonClass="quill-button-archived focus-on-light contained primary medium"
        text="Reauthorize"
      />
    </div>
  </div>
</div>
`;
