// Jest Snapshot v1, https://goo.gl/fbAQLP

exports[`ExplanationSlide Component should match snapshot 1`] = `
<div
  className="explanation-slide-container"
>
  <section
    id="information-section"
  >
    <p
      className="subtext"
    >
      Good to know
    </p>
    <section
      id="header-container"
    >
      <p
        id="header"
      >
        Test Header
      </p>
    </section>
    <img
      alt="test alt text"
      id="image"
      src="undefined/test.com"
    />
    <p
      className="subtext"
    >
      test subtext
    </p>
  </section>
  <Footer
    buttonText="Next"
    onHandleClick={[MockFunction]}
    step={1}
  />
</div>
`;
