// Jest Snapshot v1, https://goo.gl/fbAQLP

exports[`WelcomeSlide Component should match snapshot 1`] = `
<div
  className="explanation-slide-container"
  id="welcome-slide-container"
>
  <section
    id="information-section"
  >
    <p
      className="subtext"
    >
      Hi there!
    </p>
    <section
      id="header-container"
    >
      <p
        id="header"
      >
        Welcome to Quill Evidence
      </p>
    </section>
    <section
      id="instructions-container"
    >
      <div
        className="instruction-container"
      >
        <div
          className="step-number"
        >
          1
        </div>
        <p
          className="step-text"
        >
          Read and highlight text
        </p>
        <img
          alt="A sample article about volcanoes showing a sentence highlighted with the cursor over the highlighted sentence"
          className="step-image"
          src="undefined/images/comprehension/article-highlighted.svg"
        />
      </div>
      <div
        className="instruction-container"
      >
        <div
          className="step-number"
        >
          2
        </div>
        <p
          className="step-text"
        >
          Write sentences using what you read
        </p>
        <img
          alt="A sample question asking a student to fill in the rest of a sentence"
          className="step-image"
          src="undefined/images/comprehension/sentence-prompt.svg"
        />
      </div>
      <div
        className="instruction-container"
      >
        <div
          className="step-number"
        >
          3
        </div>
        <p
          className="step-text"
        >
          Revise based on feedback
        </p>
        <img
          alt="A sample feedback asking a student to add more detail to their sentence"
          className="step-image"
          src="undefined/images/comprehension/sentence-feedback.svg"
        />
      </div>
    </section>
  </section>
  <Component
    buttonText="Next"
    onHandleClick={[MockFunction]}
    step={1}
  />
</div>
`;
