// Jest Snapshot v1, https://goo.gl/fbAQLP

exports[`StudentViewContainer component when the activity has loaded renders 1`] = `
<Header
  dispatch={[Function]}
>
  <div
    className="header"
  >
    <div>
      <img
        alt="Quill.org logo"
        className="hide-on-desktop"
        src="undefined/images/logos/quill-logo-white-mobile.svg"
      />
      <img
        alt="Quill.org logo"
        className="hide-on-mobile"
        src="undefined/images/logos/quill-logo-white.svg"
      />
      <button
        className="save-and-exit focus-on-dark"
        onClick={[Function]}
        type="button"
      >
        <span>
          Save and exit
        </span>
      </button>
    </div>
  </div>
</Header>
`;
