// Jest Snapshot v1, https://goo.gl/fbAQLP

exports[`Header Image component should render Header Image 1`] = `
<Fragment>
  <section
    className="header-image-container"
  >
    <img
      alt="header"
    />
    <section
      className="header-image-information"
    >
      <p
        className="header-image-caption"
      />
      <Tooltip
        handleClick={[Function]}
        isTabbable={false}
        tooltipText="<p>test attribution</p>
"
        tooltipTriggerText="Image credit"
        tooltipTriggerTextClass="image-attribution-tooltip"
      />
    </section>
  </section>
</Fragment>
`;
