// Jest Snapshot v1, https://goo.gl/fbAQLP

exports[`TurkLanding Component should match snapshot 1`] = `
<section
  className="turk-landing-container"
>
  <section
    className="turk-landing-header-container"
  >
    <h1>
      Quill Activity - Beta Testing of New Content
    </h1>
    <p>
      You are completing a reading and writing activity. Your responses will be used to develop our system so that millions of students around the world can improve their reading and writing skills.
    </p>
  </section>
  <section
    className="turk-landing-directions-container"
  >
    <h1>
      Directions:
    </h1>
    <div
      className="bolded"
    >
      You should:
    </div>
    <ul>
      <li>
        <img
          alt="check icon"
          src="undefined/images/icons/check-circle-big.svg"
        />
        <p>
          Read the passage
        </p>
      </li>
      <li>
        <img
          alt="check icon"
          src="undefined/images/icons/check-circle-big.svg"
        />
        <p>
          Complete all three sentences
        </p>
      </li>
      <li>
        <img
          alt="check icon"
          src="undefined/images/icons/check-circle-big.svg"
        />
        <p>
          Analyze the feedback provided
        </p>
      </li>
      <li>
        <img
          alt="check icon"
          src="undefined/images/icons/check-circle-big.svg"
        />
        <div>
          Use the feedback to revise each sentence up to
          <p>
            five
          </p>
           times
        </div>
      </li>
    </ul>
    <div
      className="bolded"
    >
      Each of your sentences 
      <p>
        must
      </p>
    </div>
    <ul>
      <li>
        <img
          alt="check icon"
          src="undefined/images/icons/check-circle-big.svg"
        />
        <div>
          Be 
          <p>
            one
          </p>
           sentence long
        </div>
      </li>
      <li>
        <img
          alt="check icon"
          src="undefined/images/icons/check-circle-big.svg"
        />
        <p>
          Use proper capitalization (i.e. do not write in capital letters)
        </p>
      </li>
      <li>
        <img
          alt="check icon"
          src="undefined/images/icons/check-circle-big.svg"
        />
        <p>
          Be based on the text, but written in your own words
        </p>
      </li>
    </ul>
  </section>
  <section
    className="button-container"
  >
    <button
      className="quill-button small primary contained focus-on-light"
      onClick={[Function]}
      type="button"
    >
      Start Activity
    </button>
  </section>
</section>
`;
