// Jest Snapshot v1, https://goo.gl/fbAQLP

exports[`StandardsReports component should match snapshot 1`] = `
<div
  className="admin-report-container standards-reports-by-classroom "
>
  <ReportHeader
    className="admin-standards-report"
    csvData={Array []}
    headerText="Standards Report"
    tooltipText="Each activity on Quill is aligned to a Common Core standard. This report shows the schoolâ€™s overall progress on each of the standards. You can print this report by downloading a PDF file or export this data by downloading a CSV file. The data you see below is capturing historical activity data for your school. <br/><br/> These reports are updated nightly."
  />
  <StandardsReportsTable
    data={Array []}
  />
</div>
`;
