// Jest Snapshot v1, https://goo.gl/fbAQLP

exports[`AssigningIndicator component should render 1`] = `
<span
  className="assigner-container"
>
  <img
    alt="a circle being retraced"
    className="assigner"
    src="undefined/images/shared/assigner_still.png"
  />
</span>
`;
